<?xml version="1.0" encoding="UTF-8"?>
<testsuites name="Mocha Tests" time="0.0060" tests="1" failures="1">
  <testsuite name="Root Suite" timestamp="2022-08-02T02:19:47" tests="0" time="0.0000" failures="0">
  </testsuite>
  <testsuite name="Users Functions" timestamp="2022-08-02T02:19:47" tests="1" file="C:\Users\emili\OneDrive\Documentos\Cuatri 9\Programación Orientada a pruebas\Ejercicios con Codigo\Proyecto\src\test\test.test.js" time="0.0040" failures="1">
    <testcase name="Users Functions it must to search a book by its title" time="0.0010" classname="it must to search a book by its title">
      <failure message="Cannot read properties of undefined (reading &apos;books&apos;)" type="TypeError"><![CDATA[TypeError: Cannot read properties of undefined (reading 'books')
    at Context.<anonymous> (src\test\test.test.js:10:28)
    at processImmediate (node:internal/timers:466:21)]]></failure>
    </testcase>
  </testsuite>
</testsuites>